Found 1 items
drwxr-xr-x   - hduser supergroup          0 2021-04-30 15:35 /user
hduser@mrawk:/usr/local/hadoop/share/hadoop/mapreduce$ hadoop fs -ls /
21/04/30 15:57:12 WARN util.NativeCodeLoader: Unable to load native-hadoop library for your platform... using builtin-java classes where applicable
Found 1 items
drwxr-xr-x   - hduser supergroup          0 2021-04-30 15:35 /user
hduser@mrawk:/usr/local/hadoop/share/hadoop/mapreduce$ hadoop fs mkdir /input
mkdir: Unknown command
Did you mean -mkdir?  This command begins with a dash.
hduser@mrawk:/usr/local/hadoop/share/hadoop/mapreduce$ hadoop fs -mkdir /input
21/04/30 15:57:52 WARN util.NativeCodeLoader: Unable to load native-hadoop library for your platform... using builtin-java classes where applicable
hduser@mrawk:/usr/local/hadoop/share/hadoop/mapreduce$ hadoop fs -ls /
21/04/30 15:58:02 WARN util.NativeCodeLoader: Unable to load native-hadoop library for your platform... using builtin-java classes where applicable
Found 2 items
drwxr-xr-x   - hduser supergroup          0 2021-04-30 15:57 /input
drwxr-xr-x   - hduser supergroup          0 2021-04-30 15:35 /user
hduser@mrawk:/usr/local/hadoop/share/hadoop/mapreduce$ hadoop fs -cat /input/input.txt
21/04/30 15:58:22 WARN util.NativeCodeLoader: Unable to load native-hadoop library for your platform... using builtin-java classes where applicable
cat: `/input/input.txt': No such file or directory
hduser@mrawk:/usr/local/hadoop/share/hadoop/mapreduce$ hadoop dfs -put /home/mrawk/Desktop/input.txt input/input.txt
DEPRECATED: Use of this script to execute hdfs command is deprecated.
Instead use the hdfs command for it.

21/04/30 15:59:02 WARN util.NativeCodeLoader: Unable to load native-hadoop library for your platform... using builtin-java classes where applicable
put: `input/input.txt': File exists
hduser@mrawk:/usr/local/hadoop/share/hadoop/mapreduce$ hadoop dfs -put /home/mrawk/Desktop/input.txt input/input.txt
DEPRECATED: Use of this script to execute hdfs command is deprecated.
Instead use the hdfs command for it.

21/04/30 15:59:14 WARN util.NativeCodeLoader: Unable to load native-hadoop library for your platform... using builtin-java classes where applicable
put: `input/input.txt': File exists
hduser@mrawk:/usr/local/hadoop/share/hadoop/mapreduce$ hadoop fs -cat /input/input.txt
21/04/30 15:59:21 WARN util.NativeCodeLoader: Unable to load native-hadoop library for your platform... using builtin-java classes where applicable
cat: `/input/input.txt': No such file or directory
hduser@mrawk:/usr/local/hadoop/share/hadoop/mapreduce$ hadoop dfs -put /home/mrawk/Desktop/input.txt input/input1.txt
DEPRECATED: Use of this script to execute hdfs command is deprecated.
Instead use the hdfs command for it.

21/04/30 15:59:46 WARN util.NativeCodeLoader: Unable to load native-hadoop library for your platform... using builtin-java classes where applicable
hduser@mrawk:/usr/local/hadoop/share/hadoop/mapreduce$ hadoop fs -cat /input/input1.txt
21/04/30 16:00:01 WARN util.NativeCodeLoader: Unable to load native-hadoop library for your platform... using builtin-java classes where applicable
cat: `/input/input1.txt': No such file or directory
hduser@mrawk:/usr/local/hadoop/share/hadoop/mapreduce$ hadoop - fs -ls /
Error: No command named `-' was found. Perhaps you meant `hadoop '
hduser@mrawk:/usr/local/hadoop/share/hadoop/mapreduce$ hadoop fs -ls /
21/04/30 16:00:26 WARN util.NativeCodeLoader: Unable to load native-hadoop library for your platform... using builtin-java classes where applicable
Found 2 items
drwxr-xr-x   - hduser supergroup          0 2021-04-30 15:57 /input
drwxr-xr-x   - hduser supergroup          0 2021-04-30 15:35 /user
hduser@mrawk:/usr/local/hadoop/share/hadoop/mapreduce$ clear

hduser@mrawk:/usr/local/hadoop/share/hadoop/mapreduce$ cat > inputText.txt
Deer Bear River
Car Car River
Deer Car Bear
^C
hduser@mrawk:/usr/local/hadoop/share/hadoop/mapreduce$ ls
hadoop-mapreduce-client-app-2.6.0.jar     hadoop-mapreduce-client-hs-2.6.0.jar          hadoop-mapreduce-client-jobclient-2.6.0-tests.jar  inputText.txt  sources
hadoop-mapreduce-client-common-2.6.0.jar  hadoop-mapreduce-client-hs-plugins-2.6.0.jar  hadoop-mapreduce-client-shuffle-2.6.0.jar          lib
hadoop-mapreduce-client-core-2.6.0.jar    hadoop-mapreduce-client-jobclient-2.6.0.jar   hadoop-mapreduce-examples-2.6.0.jar                lib-examples
hduser@mrawk:/usr/local/hadoop/share/hadoop/mapreduce$ rm inputText.txt
hduser@mrawk:/usr/local/hadoop/share/hadoop/mapreduce$ ls
hadoop-mapreduce-client-app-2.6.0.jar     hadoop-mapreduce-client-hs-2.6.0.jar          hadoop-mapreduce-client-jobclient-2.6.0-tests.jar  lib
hadoop-mapreduce-client-common-2.6.0.jar  hadoop-mapreduce-client-hs-plugins-2.6.0.jar  hadoop-mapreduce-client-shuffle-2.6.0.jar          lib-examples
hadoop-mapreduce-client-core-2.6.0.jar    hadoop-mapreduce-client-jobclient-2.6.0.jar   hadoop-mapreduce-examples-2.6.0.jar                sources
hduser@mrawk:/usr/local/hadoop/share/hadoop/mapreduce$ cd \
> 
hduser@mrawk:~$ cat > inputText.txt
Deer Bear River
Car Car River
Deer Car River
Deer Car Bear
^C
hduser@mrawk:~$ ls
examples.desktop  hadoop-2.6.0  hadoop-2.6.0.tar.gz  inputText.txt
hduser@mrawk:~$ cd /usr/local/hadoop/share/hadoop/mapreduce
hduser@mrawk:/usr/local/hadoop/share/hadoop/mapreduce$ ls
hadoop-mapreduce-client-app-2.6.0.jar     hadoop-mapreduce-client-hs-2.6.0.jar          hadoop-mapreduce-client-jobclient-2.6.0-tests.jar  lib
hadoop-mapreduce-client-common-2.6.0.jar  hadoop-mapreduce-client-hs-plugins-2.6.0.jar  hadoop-mapreduce-client-shuffle-2.6.0.jar          lib-examples
hadoop-mapreduce-client-core-2.6.0.jar    hadoop-mapreduce-client-jobclient-2.6.0.jar   hadoop-mapreduce-examples-2.6.0.jar                sources
hduser@mrawk:/usr/local/hadoop/share/hadoop/mapreduce$ hadoop -mkdir -p input
Error: No command named `-mkdir' was found. Perhaps you meant `hadoop mkdir'
hduser@mrawk:/usr/local/hadoop/share/hadoop/mapreduce$ hadoop fs -mkdir -p input
21/04/30 16:04:34 WARN util.NativeCodeLoader: Unable to load native-hadoop library for your platform... using builtin-java classes where applicable
hduser@mrawk:/usr/local/hadoop/share/hadoop/mapreduce$ hadoop fs -ls -R /
21/04/30 16:04:51 WARN util.NativeCodeLoader: Unable to load native-hadoop library for your platform... using builtin-java classes where applicable
drwxr-xr-x   - hduser supergroup          0 2021-04-30 15:57 /input
drwxr-xr-x   - hduser supergroup          0 2021-04-30 15:35 /user
drwxr-xr-x   - hduser supergroup          0 2021-04-30 15:35 /user/hduser
drwxr-xr-x   - hduser supergroup          0 2021-04-30 15:59 /user/hduser/input
-rw-r--r--   1 hduser supergroup         44 2021-04-30 15:38 /user/hduser/input/input.txt
-rw-r--r--   1 hduser supergroup         44 2021-04-30 15:59 /user/hduser/input/input1.txt
hduser@mrawk:/usr/local/hadoop/share/hadoop/mapreduce$ fs -cat /input/input.txt

Command 'fs' not found, but can be installed with:

sudo apt install openafs-client

hduser@mrawk:/usr/local/hadoop/share/hadoop/mapreduce$ hadoop fs -cat /input/input.txt
21/04/30 16:05:36 WARN util.NativeCodeLoader: Unable to load native-hadoop library for your platform... using builtin-java classes where applicable
cat: `/input/input.txt': No such file or directory
hduser@mrawk:/usr/local/hadoop/share/hadoop/mapreduce$ hadoop fs -ls
21/04/30 16:06:27 WARN util.NativeCodeLoader: Unable to load native-hadoop library for your platform... using builtin-java classes where applicable
Found 1 items
drwxr-xr-x   - hduser supergroup          0 2021-04-30 15:59 input
hduser@mrawk:/usr/local/hadoop/share/hadoop/mapreduce$ hadoop fs -mkdir /input
21/04/30 16:06:55 WARN util.NativeCodeLoader: Unable to load native-hadoop library for your platform... using builtin-java classes where applicable
mkdir: `/input': File exists
hduser@mrawk:/usr/local/hadoop/share/hadoop/mapreduce$ hadoop - put /home/hdusr/inputFile.txt input/input.txt
Error: No command named `-' was found. Perhaps you meant `hadoop '
hduser@mrawk:/usr/local/hadoop/share/hadoop/mapreduce$ hadoop dfs -put /home/hdusr/inputFile.txt input/input.txt
DEPRECATED: Use of this script to execute hdfs command is deprecated.
Instead use the hdfs command for it.

21/04/30 16:08:10 WARN util.NativeCodeLoader: Unable to load native-hadoop library for your platform... using builtin-java classes where applicable
put: `input/input.txt': File exists
hduser@mrawk:/usr/local/hadoop/share/hadoop/mapreduce$ hadoop dfs -put /home/hdusr/inputFile.txt input/input.txt
DEPRECATED: Use of this script to execute hdfs command is deprecated.
Instead use the hdfs command for it.

21/04/30 16:08:33 WARN util.NativeCodeLoader: Unable to load native-hadoop library for your platform... using builtin-java classes where applicable
put: `input/input.txt': File exists
hduser@mrawk:/usr/local/hadoop/share/hadoop/mapreduce$ hadoop dfs -put /home/hdusr/inputFile.txt /input/input.txt
DEPRECATED: Use of this script to execute hdfs command is deprecated.
Instead use the hdfs command for it.

21/04/30 16:08:53 WARN util.NativeCodeLoader: Unable to load native-hadoop library for your platform... using builtin-java classes where applicable
put: `/home/hdusr/inputFile.txt': No such file or directory
hduser@mrawk:/usr/local/hadoop/share/hadoop/mapreduce$ hadoop dfs -put /home/hduser/inputFile.txt /input/input.txt
DEPRECATED: Use of this script to execute hdfs command is deprecated.
Instead use the hdfs command for it.

21/04/30 16:09:08 WARN util.NativeCodeLoader: Unable to load native-hadoop library for your platform... using builtin-java classes where applicable
put: `/home/hduser/inputFile.txt': No such file or directory
hduser@mrawk:/usr/local/hadoop/share/hadoop/mapreduce$ hadoop dfs -put /home/hduser/inputText.txt /input/input.txt
DEPRECATED: Use of this script to execute hdfs command is deprecated.
Instead use the hdfs command for it.

21/04/30 16:13:15 WARN util.NativeCodeLoader: Unable to load native-hadoop library for your platform... using builtin-java classes where applicable
hduser@mrawk:/usr/local/hadoop/share/hadoop/mapreduce$ hadoop fs -cat /input/input.txt
21/04/30 16:13:53 WARN util.NativeCodeLoader: Unable to load native-hadoop library for your platform... using builtin-java classes where applicable
Deer Bear River
Car Car River
Deer Car River
Deer Car Bear
hduser@mrawk:/usr/local/hadoop/share/hadoop/mapreduce$ hadoop jar hadoop-
Not a valid JAR: /usr/local/hadoop/share/hadoop/mapreduce/hadoop-
hduser@mrawk:/usr/local/hadoop/share/hadoop/mapreduce$ mapreduce-examples-2.6.0.jar wordcount /input /firstExampleOut
mapreduce-examples-2.6.0.jar: command not found
hduser@mrawk:/usr/local/hadoop/share/hadoop/mapreduce$ hadoop jar hadoop-mapreduce-examples-2.6.0.jar wordcount /input /firstExampleOut
21/04/30 16:15:18 WARN util.NativeCodeLoader: Unable to load native-hadoop library for your platform... using builtin-java classes where applicable
21/04/30 16:15:18 INFO Configuration.deprecation: session.id is deprecated. Instead, use dfs.metrics.session-id
21/04/30 16:15:18 INFO jvm.JvmMetrics: Initializing JVM Metrics with processName=JobTracker, sessionId=
21/04/30 16:15:19 INFO input.FileInputFormat: Total input paths to process : 1
21/04/30 16:15:19 INFO mapreduce.JobSubmitter: number of splits:1
21/04/30 16:15:20 INFO mapreduce.JobSubmitter: Submitting tokens for job: job_local913886166_0001
21/04/30 16:15:20 INFO mapreduce.Job: The url to track the job: http://localhost:8080/
21/04/30 16:15:20 INFO mapreduce.Job: Running job: job_local913886166_0001
21/04/30 16:15:20 INFO mapred.LocalJobRunner: OutputCommitter set in config null
21/04/30 16:15:20 INFO mapred.LocalJobRunner: OutputCommitter is org.apache.hadoop.mapreduce.lib.output.FileOutputCommitter
21/04/30 16:15:20 INFO mapred.LocalJobRunner: Waiting for map tasks
21/04/30 16:15:20 INFO mapred.LocalJobRunner: Starting task: attempt_local913886166_0001_m_000000_0
21/04/30 16:15:20 INFO mapred.Task:  Using ResourceCalculatorProcessTree : [ ]
21/04/30 16:15:20 INFO mapred.MapTask: Processing split: hdfs://localhost:54310/input/input.txt:0+59
21/04/30 16:15:21 INFO mapred.MapTask: (EQUATOR) 0 kvi 26214396(104857584)
21/04/30 16:15:21 INFO mapred.MapTask: mapreduce.task.io.sort.mb: 100
21/04/30 16:15:21 INFO mapred.MapTask: soft limit at 83886080
21/04/30 16:15:21 INFO mapred.MapTask: bufstart = 0; bufvoid = 104857600
21/04/30 16:15:21 INFO mapred.MapTask: kvstart = 26214396; length = 6553600
21/04/30 16:15:21 INFO mapred.MapTask: Map output collector class = org.apache.hadoop.mapred.MapTask$MapOutputBuffer
21/04/30 16:15:21 INFO mapreduce.Job: Job job_local913886166_0001 running in uber mode : false
21/04/30 16:15:21 INFO mapreduce.Job:  map 0% reduce 0%
21/04/30 16:15:21 INFO mapred.LocalJobRunner: 
21/04/30 16:15:21 INFO mapred.MapTask: Starting flush of map output
21/04/30 16:15:21 INFO mapred.MapTask: Spilling map output
21/04/30 16:15:21 INFO mapred.MapTask: bufstart = 0; bufend = 107; bufvoid = 104857600
21/04/30 16:15:21 INFO mapred.MapTask: kvstart = 26214396(104857584); kvend = 26214352(104857408); length = 45/6553600
21/04/30 16:15:21 INFO mapred.MapTask: Finished spill 0
21/04/30 16:15:21 INFO mapred.Task: Task:attempt_local913886166_0001_m_000000_0 is done. And is in the process of committing
21/04/30 16:15:21 INFO mapred.LocalJobRunner: map
21/04/30 16:15:21 INFO mapred.Task: Task 'attempt_local913886166_0001_m_000000_0' done.
21/04/30 16:15:21 INFO mapred.LocalJobRunner: Finishing task: attempt_local913886166_0001_m_000000_0
21/04/30 16:15:21 INFO mapred.LocalJobRunner: map task executor complete.
21/04/30 16:15:21 INFO mapred.LocalJobRunner: Waiting for reduce tasks
21/04/30 16:15:21 INFO mapred.LocalJobRunner: Starting task: attempt_local913886166_0001_r_000000_0
21/04/30 16:15:21 INFO mapred.Task:  Using ResourceCalculatorProcessTree : [ ]
21/04/30 16:15:21 INFO mapred.ReduceTask: Using ShuffleConsumerPlugin: org.apache.hadoop.mapreduce.task.reduce.Shuffle@5723e98a
21/04/30 16:15:22 INFO reduce.MergeManagerImpl: MergerManager: memoryLimit=334338464, maxSingleShuffleLimit=83584616, mergeThreshold=220663392, ioSortFactor=10, memToMemMergeOutputsThreshold=10
21/04/30 16:15:22 INFO reduce.EventFetcher: attempt_local913886166_0001_r_000000_0 Thread started: EventFetcher for fetching Map Completion Events
21/04/30 16:15:22 INFO reduce.LocalFetcher: localfetcher#1 about to shuffle output of map attempt_local913886166_0001_m_000000_0 decomp: 46 len: 50 to MEMORY
21/04/30 16:15:22 INFO reduce.InMemoryMapOutput: Read 46 bytes from map-output for attempt_local913886166_0001_m_000000_0
21/04/30 16:15:22 INFO reduce.MergeManagerImpl: closeInMemoryFile -> map-output of size: 46, inMemoryMapOutputs.size() -> 1, commitMemory -> 0, usedMemory ->46
21/04/30 16:15:22 INFO reduce.EventFetcher: EventFetcher is interrupted.. Returning
21/04/30 16:15:22 INFO mapred.LocalJobRunner: 1 / 1 copied.
21/04/30 16:15:22 INFO reduce.MergeManagerImpl: finalMerge called with 1 in-memory map-outputs and 0 on-disk map-outputs
21/04/30 16:15:22 INFO mapred.Merger: Merging 1 sorted segments
21/04/30 16:15:22 INFO mapred.Merger: Down to the last merge-pass, with 1 segments left of total size: 39 bytes
21/04/30 16:15:22 INFO reduce.MergeManagerImpl: Merged 1 segments, 46 bytes to disk to satisfy reduce memory limit
21/04/30 16:15:22 INFO reduce.MergeManagerImpl: Merging 1 files, 50 bytes from disk
21/04/30 16:15:22 INFO reduce.MergeManagerImpl: Merging 0 segments, 0 bytes from memory into reduce
21/04/30 16:15:22 INFO mapred.Merger: Merging 1 sorted segments
21/04/30 16:15:22 INFO mapred.Merger: Down to the last merge-pass, with 1 segments left of total size: 39 bytes
21/04/30 16:15:22 INFO mapred.LocalJobRunner: 1 / 1 copied.
21/04/30 16:15:22 INFO Configuration.deprecation: mapred.skip.on is deprecated. Instead, use mapreduce.job.skiprecords
21/04/30 16:15:22 INFO mapreduce.Job:  map 100% reduce 0%
21/04/30 16:15:23 INFO mapred.Task: Task:attempt_local913886166_0001_r_000000_0 is done. And is in the process of committing
21/04/30 16:15:23 INFO mapred.LocalJobRunner: 1 / 1 copied.
21/04/30 16:15:23 INFO mapred.Task: Task attempt_local913886166_0001_r_000000_0 is allowed to commit now
21/04/30 16:15:23 INFO output.FileOutputCommitter: Saved output of task 'attempt_local913886166_0001_r_000000_0' to hdfs://localhost:54310/firstExampleOut/_temporary/0/task_local913886166_0001_r_000000
21/04/30 16:15:23 INFO mapred.LocalJobRunner: reduce > reduce
21/04/30 16:15:23 INFO mapred.Task: Task 'attempt_local913886166_0001_r_000000_0' done.
21/04/30 16:15:23 INFO mapred.LocalJobRunner: Finishing task: attempt_local913886166_0001_r_000000_0
21/04/30 16:15:23 INFO mapred.LocalJobRunner: reduce task executor complete.
21/04/30 16:15:23 INFO mapreduce.Job:  map 100% reduce 100%
21/04/30 16:15:26 INFO mapreduce.Job: Job job_local913886166_0001 completed successfully
21/04/30 16:15:26 INFO mapreduce.Job: Counters: 38
	File System Counters
		FILE: Number of bytes read=541082
		FILE: Number of bytes written=1044578
		FILE: Number of read operations=0
		FILE: Number of large read operations=0
		FILE: Number of write operations=0
		HDFS: Number of bytes read=118
		HDFS: Number of bytes written=28
		HDFS: Number of read operations=15
		HDFS: Number of large read operations=0
		HDFS: Number of write operations=4
	Map-Reduce Framework
		Map input records=4
		Map output records=12
		Map output bytes=107
		Map output materialized bytes=50
		Input split bytes=103
		Combine input records=12
		Combine output records=4
		Reduce input groups=4
		Reduce shuffle bytes=50
		Reduce input records=4
		Reduce output records=4
		Spilled Records=8
		Shuffled Maps =1
		Failed Shuffles=0
		Merged Map outputs=1
		GC time elapsed (ms)=0
		CPU time spent (ms)=0
		Physical memory (bytes) snapshot=0
		Virtual memory (bytes) snapshot=0
		Total committed heap usage (bytes)=411041792
	Shuffle Errors
		BAD_ID=0
		CONNECTION=0
		IO_ERROR=0
		WRONG_LENGTH=0
		WRONG_MAP=0
		WRONG_REDUCE=0
	File Input Format Counters 
		Bytes Read=59
	File Output Format Counters 
		Bytes Written=28
hduser@mrawk:/usr/local/hadoop/share/hadoop/mapreduce$ hadoop dfs -ls /firstExampleOut
DEPRECATED: Use of this script to execute hdfs command is deprecated.
Instead use the hdfs command for it.

21/04/30 16:15:58 WARN util.NativeCodeLoader: Unable to load native-hadoop library for your platform... using builtin-java classes where applicable
Found 2 items
-rw-r--r--   1 hduser supergroup          0 2021-04-30 16:15 /firstExampleOut/_SUCCESS
-rw-r--r--   1 hduser supergroup         28 2021-04-30 16:15 /firstExampleOut/part-r-00000
hduser@mrawk:/usr/local/hadoop/share/hadoop/mapreduce$ hadoop fs -cat /firstExampleOut/part-r-00000
21/04/30 16:16:28 WARN util.NativeCodeLoader: Unable to load native-hadoop library for your platform... using builtin-java classes where applicable
Bear	2
Car	4
Deer	3
River	3
hduser@mrawk:/usr/local/hadoop/share/hadoop/mapreduce$ 
